di      dictionaries : soltools mythes NULL
di	dictionaries					usr1 - all di_mkout NULL
di	dictionaries\source	nmake   -       all	di_src NULL
di      dictionaries\af_ZA      nmake   -       all     di_af_ZA di_src NULL
di      dictionaries\ca         nmake   -       all     di_ca di_src NULL
di      dictionaries\cs_CZ      nmake   -       all     di_cs_CZ di_src NULL
di      dictionaries\da_DK      nmake   -       all     di_da_DK di_src NULL
di      dictionaries\de_AT      nmake   -       all     di_de_AT di_src NULL
di      dictionaries\de_CH      nmake   -       all     di_de_CH di_src NULL
di      dictionaries\de_DE      nmake   -       all     di_de_DE di_de_AT di_de_CH di_src NULL
di      dictionaries\en         nmake   -       all     di_en di_src NULL
di      dictionaries\es_ES      nmake   -       all     di_es_ES di_src NULL
di      dictionaries\et_EE      nmake   -       all     di_et_EE di_src NULL
di      dictionaries\fr_FR      nmake   -       all     di_fr_FR di_src NULL
di      dictionaries\gl         nmake   -       all     di_gl di_src NULL
di      dictionaries\he_IL      nmake   -       all     di_he_IL di_src NULL
di      dictionaries\hr_HR      nmake   -       all     di_hr_HR di_src NULL
di      dictionaries\hu_HU      nmake   -       all     di_hu_HU di_src NULL
di      dictionaries\it_IT      nmake   -       all     di_it_IT di_src NULL
di      dictionaries\ku_TR      nmake   -       all     di_ku_TR di_src NULL
di      dictionaries\lt_LT      nmake   -       all     di_lt_LT di_src NULL
di      dictionaries\ne_NP      nmake   -       all     di_ne_NP di_src NULL
di      dictionaries\nl_NL      nmake   -       all     di_nl_NL di_src NULL
di      dictionaries\no         nmake   -       all     di_no di_src NULL
di      dictionaries\oc_FR      nmake   -       all     di_oc_FR di_src NULL
di      dictionaries\pl_PL      nmake   -       all     di_pl_PL di_src NULL
di      dictionaries\pt_BR      nmake   -       all     di_pt_BR di_src NULL
di      dictionaries\ro         nmake   -       all     di_ro di_src NULL
di      dictionaries\ru_RU      nmake   -       all     di_ru_RU di_src NULL
di      dictionaries\sk_SK      nmake   -       all     di_sk_SK di_src NULL
di      dictionaries\sl_SI      nmake   -       all     di_sl_SI di_src NULL
di      dictionaries\sr         nmake   -       all     di_sr di_src NULL
di      dictionaries\sv_SE      nmake   -       all     di_sv_SE di_src NULL
di      dictionaries\sw_TZ      nmake   -       all     di_sw_TZ di_src NULL
di      dictionaries\th_TH      nmake   -       all     di_th_TH di_src NULL
di      dictionaries\uk_UA      nmake   -       all     di_uk_UA di_src NULL
di      dictionaries\vi         nmake   -       all     di_vi di_src NULL
di      dictionaries\zu_ZA      nmake   -       all     di_zu_ZA di_src NULL
